// Jest Snapshot v1, https://goo.gl/fbAQLP

exports[`renders correctly 1`] = `
<TextInput
  allowFontScaling={true}
  dirty={false}
  name="test-input"
  onChange={[Function]}
  value={null}
/>
`;
